{
    "openapi": "3.0.0",
    "info": {},
    "paths": {
        "\/dummy": {},
        "\/reference": {
            "get": {
                "responses": {
                    "100": {
                        "$ref": "#\/components\/responses\/reference-100"
                    },
                    "101": {
                        "$ref": "#\/components\/responses\/reference-101"
                    },
                    "200": {
                        "description": "OK",
                        "content": {
                            "text\/html": {
                                "schema": {}
                            },
                            "text\/csv": {
                                "schema": {},
                                "examples": {
                                    "csv-1": {
                                        "value": "foo,bar"
                                    }
                                }
                            },
                            "application\/json": {
                                "schema": {
                                    "$ref": "#\/components\/schemas\/referenceModel"
                                },
                                "examples": {
                                    "example-1": {
                                        "$ref": "#\/components\/examples\/referenceModelExample"
                                    }
                                }
                            }
                        }
                    },
                    "201": {
                        "description": "created",
                        "content": {
                            "application\/json": {
                                "schema": {
                                    "type": "object",
                                    "properties": {
                                        "firstType": {
                                            "type": "string"
                                        },
                                        "subObject": {
                                            "$ref": "#\/components\/schemas\/subObject"
                                        }
                                    }
                                }
                            },
                            "application\/pdf": {}
                        }
                    }
                }
            }
        }
    },
    "components": {
        "responses": {
            "reference-101": {
                "description": "OK"
            }
        }
    }
}